// Jest Snapshot v1, https://goo.gl/fbAQLP

exports[`nav nav snapshot matches 1`] = `
Object {
  "asFragment": [Function],
  "baseElement": <body>
    <div>
      <nav
        class="nav"
      >
        <ul>
          <li>
            <a
              href="/Home"
            >
              Home
            </a>
          </li>
          <li>
            <a
              data-testid="LeaderBoard"
              href="/LeaderBoard"
            >
              LeaderBoard
            </a>
          </li>
          <li>
            <a
              data-testid="newLink"
              href="/new"
            >
              New
            </a>
          </li>
          <li>
            <div
              class="user-detail"
            >
              <img
                alt=""
                class="profile-pic"
              />
              <span
                data-testid="nav-name"
              />
            </div>
            <a
              href="/"
            >
              Log Out
            </a>
          </li>
        </ul>
      </nav>
    </div>
  </body>,
  "container": <div>
    <nav
      class="nav"
    >
      <ul>
        <li>
          <a
            href="/Home"
          >
            Home
          </a>
        </li>
        <li>
          <a
            data-testid="LeaderBoard"
            href="/LeaderBoard"
          >
            LeaderBoard
          </a>
        </li>
        <li>
          <a
            data-testid="newLink"
            href="/new"
          >
            New
          </a>
        </li>
        <li>
          <div
            class="user-detail"
          >
            <img
              alt=""
              class="profile-pic"
            />
            <span
              data-testid="nav-name"
            />
          </div>
          <a
            href="/"
          >
            Log Out
          </a>
        </li>
      </ul>
    </nav>
  </div>,
  "debug": [Function],
  "findAllByAltText": [Function],
  "findAllByDisplayValue": [Function],
  "findAllByLabelText": [Function],
  "findAllByPlaceholderText": [Function],
  "findAllByRole": [Function],
  "findAllByTestId": [Function],
  "findAllByText": [Function],
  "findAllByTitle": [Function],
  "findByAltText": [Function],
  "findByDisplayValue": [Function],
  "findByLabelText": [Function],
  "findByPlaceholderText": [Function],
  "findByRole": [Function],
  "findByTestId": [Function],
  "findByText": [Function],
  "findByTitle": [Function],
  "getAllByAltText": [Function],
  "getAllByDisplayValue": [Function],
  "getAllByLabelText": [Function],
  "getAllByPlaceholderText": [Function],
  "getAllByRole": [Function],
  "getAllByTestId": [Function],
  "getAllByText": [Function],
  "getAllByTitle": [Function],
  "getByAltText": [Function],
  "getByDisplayValue": [Function],
  "getByLabelText": [Function],
  "getByPlaceholderText": [Function],
  "getByRole": [Function],
  "getByTestId": [Function],
  "getByText": [Function],
  "getByTitle": [Function],
  "queryAllByAltText": [Function],
  "queryAllByDisplayValue": [Function],
  "queryAllByLabelText": [Function],
  "queryAllByPlaceholderText": [Function],
  "queryAllByRole": [Function],
  "queryAllByTestId": [Function],
  "queryAllByText": [Function],
  "queryAllByTitle": [Function],
  "queryByAltText": [Function],
  "queryByDisplayValue": [Function],
  "queryByLabelText": [Function],
  "queryByPlaceholderText": [Function],
  "queryByRole": [Function],
  "queryByTestId": [Function],
  "queryByText": [Function],
  "queryByTitle": [Function],
  "rerender": [Function],
  "unmount": [Function],
}
`;
